Archive member included because of file (symbol)

C:\nburn/lib/SB70LC.a(bsp.o)  webformcode.o (GetPreciseTime)
C:\nburn/lib/SB70LC.a(serial.o)
                              main.o (UartData)
C:\nburn/lib/SB70LC.a(pins.o)
                              main.o (PinIO::set(unsigned char))
C:\nburn/lib/NetBurner.a(ucosmcfa.o)
                              C:\nburn/lib/SB70LC.a(bsp.o) (OSCtxSw)
C:\nburn/lib/NetBurner.a(software_init.o)
                              c:/nburn/gcc-m68k/bin/../lib/gcc/m68k-elf/4.2.1/../../../../m68k-elf/lib/m5206e\nb-crt0.o (software_init_hook)
C:\nburn/lib/NetBurner.a(ucosmcfc.o)
                              main.o (OSTaskCreatewName)
C:\nburn/lib/NetBurner.a(ucos.o)
                              C:\nburn/lib/SB70LC.a(serial.o) (OSIntNesting)
C:\nburn/lib/NetBurner.a(ucosmain.o)
                              C:\nburn/lib/SB70LC.a(serial.o) (critical_count)
C:\nburn/lib/NetBurner.a(fileio.o)
                              main.o (ReplaceStdio)
C:\nburn/lib/NetBurner.a(system.o)
                              configweb.o (GetUserParameters)
C:\nburn/lib/NetBurner.a(main.o)
                              c:/nburn/gcc-m68k/bin/../lib/gcc/m68k-elf/4.2.1/../../../../m68k-elf/lib/m5206e\nb-crt0.o (main)
C:\nburn/lib/NetBurner.a(utils.o)
                              formtools.o (AsciiToIp)
C:\nburn/lib/NetBurner.a(ip.o)
                              main.o (InitializeStack(unsigned long, unsigned long, unsigned long, unsigned long))
C:\nburn/lib/NetBurner.a(buffers.o)
                              C:\nburn/lib/NetBurner.a(ip.o) (FreeBuffer)
C:\nburn/lib/NetBurner.a(arp.o)
                              C:\nburn/lib/NetBurner.a(ip.o) (wArpLifetime)
C:\nburn/lib/NetBurner.a(dns.o)
                              main.o (GetHostByName)
C:\nburn/lib/NetBurner.a(udp.o)
                              C:\nburn/lib/NetBurner.a(dns.o) (UDPPacket::SetSourcePort(unsigned short))
C:\nburn/lib/NetBurner.a(tcp.o)
                              main.o (setsocketackbuffers(int, unsigned char))
C:\nburn/lib/NetBurner.a(http.o)
                              main.o (StartHTTP)
C:\nburn/lib/NetBurner.a(httpinternal.o)
                              configweb.o (SetNewPostHandler)
C:\nburn/lib/NetBurner.a(htmldecomp.o)
                              C:\nburn/lib/NetBurner.a(httpinternal.o) (SendHeaderResponse(char*, int))
C:\nburn/lib/NetBurner.a(iosys.o)
                              main.o (FD_ZERO)
C:\nburn/lib/NetBurner.a(new_ops.o)
                              main.o (operator new(unsigned long))
C:\nburn/lib/NetBurner.a(autoip.o)
                              C:\nburn/lib/NetBurner.a(arp.o) (AutoIPClient::addressCollision())
C:\nburn/lib/NetBurner.a(dhcpc.o)
                              main.o (DhcpObject::DhcpObject(int))
C:\nburn/lib/NetBurner.a(netinterface.o)
                              C:\nburn/lib/NetBurner.a(ip.o) (GetFirstInterface())
C:\nburn/lib/NetBurner.a(taskmon.o)
                              main.o (EnableTaskMonitor())
C:\nburn/lib/NetBurner.a(autoupdate.o)
                              main.o (EnableAutoUpdate)
C:\nburn/lib/NetBurner.a(device.o)
                              C:\nburn/lib/NetBurner.a(main.o) (DeviceInitializeSem)
C:\nburn/lib/SB70LC.a(ioboard.o)
                              C:\nburn/lib/NetBurner.a(ucos.o) (putleds)
C:\nburn/lib/SB70LC.a(ethernet.o)
                              C:\nburn/lib/NetBurner.a(netinterface.o) (AddEthernetInterface())
C:\nburn/lib/SB70LC.a(etherprint.o)
                              C:\nburn/lib/SB70LC.a(ethernet.o) (EtherLink())
C:\nburn/lib/SB70LC.a(emulticast.o)
                              C:\nburn/lib/SB70LC.a(ethernet.o) (EthEnableMulticast(MACADR))
c:/nburn/gcc-m68k/bin/../lib/gcc/m68k-elf/4.2.1/m5206e\libgcc.a(_double.o)
                              C:\nburn/lib/NetBurner.a(dhcpc.o) (__adddf3)
c:/nburn/gcc-m68k/bin/../lib/gcc/m68k-elf/4.2.1/m5206e\libgcc.a(_float.o)
                              webformcode.o (__subsf3)
c:/nburn/gcc-m68k/bin/../lib/gcc/m68k-elf/4.2.1/m5206e\libgcc.a(_floatex.o)
                              c:/nburn/gcc-m68k/bin/../lib/gcc/m68k-elf/4.2.1/m5206e\libgcc.a(_double.o) (_fpCCR)
c:/nburn/gcc-m68k/bin/../lib/gcc/m68k-elf/4.2.1/m5206e\libgcc.a(_ltdf2.o)
                              C:\nburn/lib/SB70LC.a(bsp.o) (__ltdf2)
c:/nburn/gcc-m68k/bin/../lib/gcc/m68k-elf/4.2.1/m5206e\libgcc.a(_ltsf2.o)
                              webformcode.o (__ltsf2)
c:/nburn/gcc-m68k/bin/../lib/gcc/m68k-elf/4.2.1/m5206e\libgcc.a(_fixunsdfsi.o)
                              C:\nburn/lib/NetBurner.a(dhcpc.o) (__fixunsdfsi)
c:/nburn/gcc-m68k/bin/../lib/gcc/m68k-elf/4.2.1/m5206e\libgcc.a(fpgnulib.o)
                              C:\nburn/lib/SB70LC.a(bsp.o) (__floatunsidf)
c:/nburn/gcc-m68k/bin/../lib/gcc/m68k-elf/4.2.1/m5206e\libgcc.a(_gedf2.o)
[...]
Memory Configuration

Name             Origin             Length             Attributes
ram              0x02000000         0x00800000         xrw
SRAM             0x20000400         0x0000fc00         xrw
*default*        0x00000000         0xffffffff

Linker script and memory map

LOAD c:/nburn/gcc-m68k/bin/../lib/gcc/m68k-elf/4.2.1/../../../../m68k-elf/lib/m5206e\nb-crt0.o
LOAD c:/nburn/gcc-m68k/bin/../lib/gcc/m68k-elf/4.2.1/m5206e/crtbegin.o
LOAD webformcode.o
LOAD main.o
LOAD fucosdmp.o
LOAD formtools.o
LOAD configweb.o
LOAD SB70LCMibFile.o
LOAD ReceiverControl.o
LOAD htmldata.o
LOAD C:\nburn/SB70LC/lib/sys.ld
                0x20000000                vector_base = 0x20000000
                0x20010000                SRAM_END_ADDR = 0x20010000
                0x40000000                sim = 0x40000000
                0xffc04000                gConfigRec = 0xffc04000
                0xffc06000                UserParamBase = 0xffc06000
                0xffc00008                _RESET_ADDR = 0xffc00008
                0xffc08000                FlashAppBase = 0xffc08000
START GROUP
LOAD C:\nburn/lib/SB70LC.a
LOAD C:\nburn/lib/NetBurner.a
LOAD C:\nburn/lib/Fatfile.a
LOAD C:\nburn\lib\debugLibrary.a
END GROUP
LOAD c:/nburn/gcc-m68k/bin/../lib/gcc/m68k-elf/4.2.1/../../../../m68k-elf/lib/m5206e\libstdc++.a
LOAD c:/nburn/gcc-m68k/bin/../lib/gcc/m68k-elf/4.2.1/../../../../m68k-elf/lib/m5206e\libm.a
LOAD c:/nburn/gcc-m68k/bin/../lib/gcc/m68k-elf/4.2.1/m5206e\libgcc.a
LOAD c:/nburn/gcc-m68k/bin/../lib/gcc/m68k-elf/4.2.1/../../../../m68k-elf/lib/m5206e\libc.a
LOAD c:/nburn/gcc-m68k/bin/../lib/gcc/m68k-elf/4.2.1/m5206e\libgcc.a
LOAD c:/nburn/gcc-m68k/bin/../lib/gcc/m68k-elf/4.2.1/m5206e/crtend.o
START GROUP
LOAD c:/nburn/gcc-m68k/bin/../lib/gcc/m68k-elf/4.2.1/../../../../m68k-elf/lib/m5206e\libc.a
LOAD c:/nburn/gcc-m68k/bin/../lib/gcc/m68k-elf/4.2.1/m5206e\libgcc.a
LOAD c:/nburn/gcc-m68k/bin/../lib/gcc/m68k-elf/4.2.1/../../../../m68k-elf/lib/m5206e\libm.a
END GROUP
                0x00000000                __DYNAMIC = 0x0
                0x02800000                PROVIDE (__stack, 0x2800000)
                0x00000000                PROVIDE (hardware_init_hook, 0x0)
                0x00000000                PROVIDE (_hardware_init_hook, 0x0)
                0x00000000                PROVIDE (software_init_hook, 0x0)
                0x00000000                PROVIDE (_software_init_hook, 0x0)

.SRAM_SECT      0x20000400     0x8900
                0x20000400                SRAM_START = .
 *(SYS_VAR_SECT)
 SYS_VAR_SECT   0x20000400      0x238 C:\nburn/lib/NetBurner.a(ucos.o)
                0x2000052c                TimeTick
                0x2000051c                OSLockNesting
                0x20000526                OSRunning
                0x20000508                OSTCBList
                0x20000530                OSMapTbl
                0x20000528                Secs
                0x20000514                OSTCBFreeList
                0x20000527                OSShowTasksOnLeds
                0x20000524                OSISRLevel
                0x20000510                OSTCBHighRdy
                0x20000520                OSRdyGrp
                0x20000538                OSUnMapTbl
                0x20000500                OSRdyTbl
                0x20000518                OSIntNesting
                0x2000050c                OSTCBCur
                0x20000400                OSTCBPrioTbl
 SYS_VAR_SECT   0x20000638      0x1a8 C:\nburn/lib/NetBurner.a(ucosmain.o)
                0x2000064c                critical_count
                0x20000650                OSTCBTbl
 SYS_VAR_SECT   0x200007e0       0x1c C:\nburn/lib/NetBurner.a(fileio.o)
                0x200007f8                pExtraFdFunc
 SYS_VAR_SECT   0x200007fc       0x20 C:\nburn/lib/NetBurner.a(iosys.o)
                0x200007fc                read_file_sets
                0x2000080c                error_file_sets
                0x20000804                write_file_sets
                0x2000081c                SYS_VAR_SECT_END = .
                0x20000820                . = ALIGN (0x10)
 *fill*         0x2000081c        0x4 00
 *(IDLE_STK_SECT)
                0x20000820                IDLE_STK_SECT_END = .
                0x20000820                . = ALIGN (0x10)
 *(MAIN_STK_SECT)
 MAIN_STK_SECT  0x20000820     0x2000 C:\nburn/lib/NetBurner.a(main.o)
                0x20000820                MainStk
                0x20002820                MAIN_STK_SECT_END = .
                0x20002820                . = ALIGN (0x4)
 *(ETHER_VAR_SECT)
 ETHER_VAR_SECT
                0x20002820      0x128 C:\nburn/lib/SB70LC.a(ethernet.o)
                0x200028f6                TxcPosts
                0x200028fa                TxcSems
                0x20002820                EthernetMac
                0x200028ee                LastIsrStatus
                0x20002912                MIILockOut
                0x20002850                RxBD
                0x200028e0                TxBDFlag
                0x200028fe                RxIsr
                0x2000291a                PHY_addr
                0x200028f2                RxPosts
                0x20002916                phy_data
                0x20002920                PHY_ID
                0x2000291c                PHY_OUI_ID
                0x2000290a                bEthLink
                0x2000290e                bEverHadLink
                0x200028d4                RxBDFlag
                0x200028ea                last_rxbd
                0x20002906                bEthAutoNeg
                0x200028a0                RxBDpp
                0x20002924                last_phy_read
                0x20002826                nTx
                0x20002902                TxIsr
                0x200028c8                TxBDpp
                0x20002830                TxBD
                0x20002948                ETHER_VAR_SECT_END = .
                0x20002950                . = ALIGN (0x10)
 *fill*         0x20002948        0x8 00
 *(ETHER_STK_SECT)
 ETHER_STK_SECT
                0x20002950     0x2000 C:\nburn/lib/SB70LC.a(ethernet.o)
                0x20002950                EtherSendStk
                0x20004950                ETHER_STK_SECT_END = .
                0x20004950                . = ALIGN (0x4)
 *(IP_VAR_SECT)
 IP_VAR_SECT    0x20004950      0x2fa C:\nburn/lib/NetBurner.a(ip.o)
                0x20004952                bTTL_Default
                0x20004c42                next_arp_time
                0x20004954                ipRxFifo
                0x20004986                multi_home_if_record
                0x20004966                IcmpFifo
                0x20004982                nAdditional_Homes
                0x20004950                wGlobalPktId
                0x20004976                pPromisciousPacketFunc
                0x2000497e                pFragFunc
                0x2000497a                pMultiCastFunc
                0x20004c46                delay
                0x20004972                pAutoIPTick
                0x2000496e                pMultiTick
                0x2000496a                pDHCPTick
                0x200049ae                multi_if_block
 IP_VAR_SECT    0x20004c4a       0x74 C:\nburn/lib/NetBurner.a(udp.o)
                0x20004cba                UdpNetbiosNameServicePtr
                0x20004c4a                udp_fifos
                0x20004cb2                pDHCPProcessFunction
                0x20004cb6                pTaskPacketFunc
                0x20004cae                UDP_fifos_used
                0x20004cbe                IP_VAR_SECT_END = .
                0x20004cc0                . = ALIGN (0x10)
 *fill*         0x20004cbe        0x2 00
 *(IP_STK_SECT)
 IP_STK_SECT    0x20004cc0     0x2000 C:\nburn/lib/NetBurner.a(ip.o)
                0x20004cc0                IPStk
                0x20006cc0                IP_STK_SECT_END = .
                0x20006cc0                . = ALIGN (0x4)
 *(TCP_VAR_SECT)
 TCP_VAR_SECT   0x20006cc0       0x1e C:\nburn/lib/NetBurner.a(tcp.o)
                0x20006cd0                TCP_TimerSemaphore
                0x20006cc0                TCP_critical_section
                0x20006cde                TCP_VAR_SECT_END = .
                0x20006ce0                . = ALIGN (0x10)
 *fill*         0x20006cde        0x2 00
 *(TCP_STK_SECT)
 TCP_STK_SECT   0x20006ce0     0x2000 C:\nburn/lib/NetBurner.a(tcp.o)
                0x20006ce0                TCPStk
                0x20008ce0                TCP_STK_SECT_END = .
                0x20008ce0                . = ALIGN (0x10)
 *(HTTP_STK_SECT)
                0x20008ce0                HTTP_STK_SECT_END = .
                0x20008ce0                . = ALIGN (0x10)
 *(FTP_STK_SECT)
                0x20008ce0                FTP_STK_SECT_END = .
                0x20008ce0                . = ALIGN (0x10)
 *(WIFI_STK_SECT)
                0x20008ce0                WIFI_STK_SECT_END = .
                0x20008ce0                . = ALIGN (0x10)
 *(PPP_STK_SECT)
                0x20008ce0                PPP_STK_SECT_END = .
                0x20008ce0                . = ALIGN (0x10)
 *(COMMAND_STK_SECT)
                0x20008ce0                COMMAND_STK_SECT_END = .
                0x20008ce0                . = ALIGN (0x4)
 *(USER_VAR_SECT)
                0x20008ce0                USER_VAR_SECT_END = .
                0x20008ce0                . = ALIGN (0x10)
 *(USER_STK_SECT)
                0x20008ce0                USER_STK_SECT_END = .
                0x20008ce0                BUFFERS_SECT_START = .
                0x20008ce0                . = ALIGN (0x10)
 *(BUFFERS_VAR_SECT)
 BUFFERS_VAR_SECT
                0x20008ce0       0x1c C:\nburn/lib/NetBurner.a(buffers.o)
                0x20008ce0                FAST_BUFFER_POOL_SIZE
                0x20008cee                free_fast_list
                0x20008cf8                free_list_is_initialized
                0x20008ce4                free_list
                0x20008d00                . = ALIGN (0x10)
 *fill*         0x20008cfc        0x4 00
                0x20008d00                BUFFERS_VAR_SECT_END = .
                0x20008d00                . = ALIGN (0x10)
                0x20008d00                SRAM_END = .

.text           0x02000000    0x80750
 *(FIRST_SECTION)
                0x02000000                . = ALIGN (0x10)
 *(.text)
 .text          0x02000000       0xaa c:/nburn/gcc-m68k/bin/../lib/gcc/m68k-elf/4.2.1/../../../../m68k-elf/lib/m5206e\nb-crt0.o
                0x02000000                start
 *fill*         0x020000aa        0x2 00
 .text          0x020000ac       0x9c c:/nburn/gcc-m68k/bin/../lib/gcc/m68k-elf/4.2.1/m5206e/crtbegin.o
 .text          0x02000148     0x1356 webformcode.o
                0x02000e9c                AjaxCallbackChanLock
                0x02000410                txVoltageShow
                0x02001460                AjaxCallback
                0x02000c9c                AjaxCallbackChanStatus
                0x020004c4                txIdShow
                0x02000d28                AjaxCallbackTxStatus2
                0x02000a3c                rssiBshow(int, char const*)
                0x020011a8                AjaxCallbackReload
                0x0200056c                vuShow
                0x02000a80                rssiAshow(int, char const*)
                0x02000770                rssiShow
                0x02000358                txRSSIShow
                0x02000ac4                AjaxCallbackTxStatus
                0x02000148                secsTimeoutShow
                0x020002b0                controlTxLEDShow
 *fill*         0x0200149e        0x2 00
 .text          0x020014a0     0x2700 main.o
                0x02002a08                ProcessAccept()
                0x020024d0                ProcessWriteSerialData()
                0x02002748                ProcessWriteNetworkData()
                0x020015e4                CloseListeningPort()
                0x02001c38                ProcessDebugCommand(char const*, int)
                0x02003b54                toggleLine17()
                0x02003350                UserMain
                0x020018c8                scanComForIPsetCmd(char)
                0x020014e0                GetSysInfo()
                0x02002968                ProcessNetworkError()
                0x02002fdc                ProcessTimeOuts()
                0x02001a58                rawGetDNS(char const*, __sFILE*)
                0x02002674                SendSerialMessage(char const*)
                0x020014f4                TestPassword(char const*, char const*)
                0x02002564                OpenListeningPort()
                0x02001814                ProcessSerialError()
                0x02001890                SetSysInfo(SysInfo)
                0x020023f4                SerialBreakWrite(int, char*, int)
                0x02002e04                ProcessReadSerialData()
                0x0200225c                DiagPage
                0x020019e0                ProcessDebugdata()
                0x020027f8                ProcessReadNetworkData()
                0x020032e0                blinkLine17(void*)
                0x02001b48                DoPing(char const*, __sFILE*)
                0x0200261c                ProcessListenError()
                0x0200317c                CloseEverything()
                0x02001630                OpenSerialPorts()
                0x02002658                GetHexByte(char const*)
                0x020014a0                OkToListen()
                0x02002c44                MakeConnection()
 .text          0x02003ba0      0x3a8 fucosdmp.o
                0x02003ba0                fDumpTCBState
                0x02003ecc                fOSDumpTasks
 .text          0x02003f48      0x48c formtools.o
                0x02004150                ShowIP2Sock(int, unsigned long)
                0x02004304                FormOutputSelect(int, char const*, int, char const**, int)
                0x02003f48                FormExtractCheck(char const*, char*, unsigned char)
                0x02003fa8                FormExtractSel(char const*, char*, char const**, int)
                0x02004020                FormExtractNum(char const*, char*, long)
                0x020042c4                FormOutputNumInput(int, char const*, int, int)
                0x02004224                FormOutputIPInput(int, char const*, unsigned long)
                0x0200407c                FormExtractIP(char const*, char*, unsigned long)
                0x02004280                FormOutputLongNumInput(int, char const*, int, unsigned long long)
                0x020041a0                FormOutputInput(int, char const*, int, char const*)
                0x020040d8                FormOutputCheckbox(int, char const*, unsigned char, int)
 .text          0x020043d4     0x3b0a configweb.o
                0x02006fc8                HexBreakKey
                0x0200779c                ChannelNum
                0x0200740c                DataBits
                0x02006a64                colorRowChan7
                0x02006648                chan5TxIdEdit
                0x020072fc                ListenTimeout
                0x02007ae4                DeviceGate
                0x02006ef8                RPassword
                0x02007258                ConnectTimeout
                0x02007918                DisplayDeviceAddress
                0x020077cc                ConnMode
                0x020075f0                ControlPower
                0x020079a0                DisplayFreq6
                0x02006bf8                receiverNameEdit
                0x02007110                SendMsgCheck
                0x02006b84                colorRowChan1
                0x02006708                chan6TxIdShow
                0x02006b24                colorRowChan3
                0x020073dc                StopBits
                0x020075c0                SerialPort
                0x02006da0                chan3OnOffRadioButtons
                0x02006768                freqModeShow
                0x020069bc                DisplayReceiverFirmwareVersion
                0x02006dd0                chan2OnOffRadioButtons
                0x020071cc                noReceiverDataTimeout
                0x02006688                chan1TxIdEdit
                0x02006738                chan3TxIdShow
                0x02007620                TxPower
                0x02007b08                DeviceMask
                0x02007a00                DisplayFreq4
                0x02006668                chan3TxIdEdit
                0x02006e94                TNLCheck
                0x0200782c                ConnectName
                0x02006b54                colorRowChan2
                0x020073ac                DataParity
                0x020076e0                FilterNum
                0x02006d10                chan6OnOffRadioButtons
                0x020071a0                SendBreakInterval
                0x02006718                chan5TxIdShow
                0x02006758                chan1TxIdShow
                0x02006ce0                chan7OnOffRadioButtons
                0x02007680                MonoStereoMode
                0x02007970                DisplayFreq7
                0x02007010                SendLossMsgMsg
                0x02006678                chan2TxIdEdit
                0x020070e0                SendLossMsgCheck
                0x020071f4                PasswordTimeout
                0x020077fc                IPMode
                0x02006d40                chan5OnOffRadioButtons
                0x02007140                NetburnerStatusMsgs
                0x02007324                WebpagePort
                0x020065c4                chanTxIdEdit
                0x020072d4                txAddressValue
                0x020044a8                MyDoGet(int, char*, char*)
                0x02006628                chan7TxIdEdit
                0x020043d4                fixPassword(char*)
                0x02006638                chan6TxIdEdit
                0x02006290                colorRowChan
                0x020078f0                DisplayDeviceMask
                0x02006d70                chan4OnOffRadioButtons
                0x02007a60                DisplayFreq2
                0x02007a30                DisplayFreq3
                0x0200444c                RegisterPost()
                0x02006a34                colorRowChan8
                0x02006728                chan4TxIdShow
                0x02006cb0                chan8OnOffRadioButtons
                0x02006e30                CalToneCheck
                0x02007650                TxMonoStereoMode
                0x020076b0                Squelch
                0x02004470                upperCase(char*)
                0x02007440                DataBaudRate
                0x02007038                SendMsgMsg
                0x02006580                displayConnectList
                0x020062c8                chanOnOffRadioButtons
                0x0200737c                FlowMode
                0x02006a94                colorRowChan6
                0x02006c3c                displaySerialNum
                0x02006fa0                UserName
                0x0200640c                scanChannelsCheckbox
                0x020079d0                DisplayFreq5
                0x02007ac0                DeviceDns
                0x020078a0                DisplayDeviceDns
                0x02007b50                CheckNVSettings()
                0x02006658                chan4TxIdEdit
                0x02007940                DisplayFreq8
                0x02007230                OutgoingTimeout
                0x02006618                chan8TxIdEdit
                0x02007350                ListenPort
                0x020078c8                DisplayDeviceGate
                0x02006ac4                colorRowChan5
                0x02007170                ListenCheck
                0x02006f4c                Password
                0x02007088                SendBreakSerial
                0x02006698                chanTxIdShow
                0x02007060                DeviceName
                0x02006748                chan2TxIdShow
                0x020066e8                chan8TxIdShow
                0x020072ac                NewTimeout
                0x02007a90                DisplayFreq1
                0x02007b2c                DeviceAddress
                0x020066f8                chan7TxIdShow
                0x02006af4                colorRowChan4
                0x02006e00                chan1OnOffRadioButtons
                0x020047bc                MyDoPost(int, char*, char*, char*)
                0x020069f8                DisplayFirmwareVersion
                0x020070b4                SendBreakConnect
                0x02006bb4                receiverNameShow
                0x02007280                ConnectPort
 *fill*         0x02007ede        0x2 00
 .text          0x02007ee0        0x0 SB70LCMibFile.o
 .text          0x02007ee0     0x11c6 ReceiverControl.o
                0x0200809c                writeCTMsg()
                0x020083d8                processComMsg2()
                0x020081c8                sendCSCommand()
                0x02007ee0                Crc_Update(long, unsigned long)
                0x02008e24                readUART1ComMsg()
                0x02007f98                popCharFromComBuf(char*)
                0x02007f10                Use_Crc(unsigned char*, unsigned int)
                0x02008040                popCharFromComBuf2(char*)
                0x02008418                readUART0ComMsg()
                0x02007ff4                pushCharToComBuf2(char)
                0x02008894                processComMsg()
                0x02007f4c                pushCharToComBuf(char)
                0x02008120                writeCDMsg()
                0x02008174                writeRSMsg()
                0x0200874c                writeUART1ComMsg(void*)
 *fill*         0x020090a6        0x2 00
 .text          0x020090a8       0x52 htmldata.o
                0x020090f0                DoHtmlVariable(int, unsigned short)
                0x020090a8                DoHtmlFunction(int, char const*, unsigned short)
 *fill*         0x020090fa        0x2 00
 .text          0x020090fc      0x5a4 C:\nburn/lib/SB70LC.a(bsp.o)
                0x02009440                _sbrk_r
                0x020095a8                HardwareSetup
                0x020093d4                DisableCache
                0x02009540                spaceleft
                0x02009498                LocalInByte
                0x0200958c                ForceReboot
                0x02009318                FlashProgram
                0x02009578                BspGetTickFraction
                0x020090fc                xTick
                0x02009298                FlashErase
                0x020094cc                LocalOutByte
                0x0200948c                atexit
                0x020091f0                GetPreciseTime
                0x020093e8                EnableCache
                0x02009118                SetIntc
                0x0200951c                LocalCharAvail
                0x02009100                Tick5270
 .text          0x020096a0     0x17fc C:\nburn/lib/SB70LC.a(serial.o)
                0x0200ae60                real_SER0_ISR
                0x020096a0                WakeTx(int)
                0x02009aec                Serial485ForceTxActive(int, int)
                0x0200a4b0                SerialClose
                0x0200a3c0                SendBreak
                0x0200a56c                OpenSerial
                0x02009ffc                GetUartErrorReg
                0x0200a164                fShowSerialData(__sFILE*)
                0x02009968                fake_SER0_ISR()
                0x020099c0                SER1_ISR
                0x02009a50                SerialEnableTxFlow
                0x02009a9c                SerialEnableRxFlow
                0x02009738                DoSerIsr(int)
                0x02009ecc                Serial485HalfDupMode
                0x020099bc                fake_SER1_ISR()
                0x02009d60                SerialEnableHwRxFlow
                0x0200aa70                serread
                0x0200ad40                BasePutChar(int, unsigned char)
                0x0200aa8c                BaseGetChar(int)
                0x0200a898                serreadwto
                0x0200ac48                serwriteaddress
                0x02009a10                real_SER1_ISR
                0x0200ab14                serwrite
                0x0200996c                SER0_ISR
                0x02009b90                SerialEnableHwTxFlow
 .text          0x0200ae9c      0x9fa C:\nburn/lib/SB70LC.a(pins.o)
                0x0200ae9c                PinIO::set(unsigned char)
                0x0200b610                PinIO::function(int)
                0x0200b268                PinIO::drive()
                0x0200b3d4                PinIO::read()
 *fill*         0x0200b896        0xa 00
 .text          0x0200b8a0      0x44a C:\nburn/lib/NetBurner.a(ucosmcfa.o)
                0x0200b980                OSDebugTraceHalt
                0x0200b8a0                OSStartHighRdy
                0x0200b990                TrapOutByte
                0x0200b9c0                memcpy
                0x0200b9c0                fmemcpy
                0x0200b8c0                OSCtxSw
                0x0200b9b0                TrapCharAvail
                0x0200b8f0                OSIntCtxSw
                0x0200b9a0                TrapInByte
                0x0200b920                OSTickISR
                0x0200ba90                memcpysum
                0x0200b960                OSSetupVBR
                0x0200bcc0                GetSR_IntLevel
                0x0200bc20                memset
                0x0200bc20                fmemset
                0x0200bcd0                SetSR_IntLevel
 *fill*         0x0200bcea        0x2 00
 .text          0x0200bcec        0x8 C:\nburn/lib/NetBurner.a(software_init.o)
                0x0200bcec                software_init_hook
 .text          0x0200bcf4      0x320 C:\nburn/lib/NetBurner.a(ucosmcfc.o)
                0x0200bfdc                OSTaskCreate
                0x0200c008                TopOfStackKillfunction
                0x0200bdb0                OSTaskCreatewName
                0x0200bcf4                OSTCBInit
                0x0200c00c                KillFunctionLink
 .text          0x0200c014     0x1e14 C:\nburn/lib/NetBurner.a(ucos.o)
                0x0200c4a8                OSCritEnterNoWait
                0x0200c67e                UCOSWAITS_HERE
                0x0200c970                OSFifoPostFirst
                0x0200c6b8                OSCritLeave
                0x0200c454                getpid
                0x0200c178                OSLock
                0x0200cdc4                OSQPostFirst
                0x0200c51c                OSTaskID
                0x0200c33c                OSQPendNoWait
                0x0200c534                OSSetName
                0x0200c55c                OSIntExit
                0x0200c200                OSSemPendNoWait
                0x0200d90c                OSTaskDelete
                0x0200db28                OSUnlock
                0x0200c46c                OSCritInit
                0x0200cf64                OSQPost
                0x0200c7d0                OSCritEnter
                0x0200cc30                OSFifoPend
                0x0200d76c                OSSemPend
                0x0200c240                OSMboxInit
                0x0200d2e4                OSMboxPost
                0x0200c3b8                OSFifoInit
                0x0200d0fc                OSQPend
                0x0200c5f8                OSSched
                0x0200db68                OSTimeDly
                0x0200d5e0                OSSemPost
                0x0200da24                OSChangePrio
                0x0200c148                OSTCBGetFree
                0x0200c014                OSIntEnterWAS
                0x0200c288                OSMboxPendNoWait
                0x0200cad0                OSFifoPost
                0x0200c1a0                OSSemInit
                0x0200dc30                OSStart
                0x0200c05c                OSTimeTick
                0x0200c2c8                OSQInit
                0x0200c548                OSTaskName
                0x0200c404                OSFifoPendNoWait
                0x0200d44c                OSMboxPend
                0x0200dcac                OSInit
                0x0200c03c                OSChangeTaskDly
 .text          0x0200de28      0x1b8 C:\nburn/lib/NetBurner.a(ucosmain.o)
                0x0200df04                __malloc_unlock
                0x0200de28                UCosBegin
                0x0200df24                balloc_lock
                0x0200df64                UCosSetup
                0x0200dee8                balloc_unlock
                0x0200df44                __malloc_lock
 .text          0x0200dfe0      0x5f8 C:\nburn/lib/NetBurner.a(fileio.o)
                0x0200e170                ioctl
                0x0200dfe0                isatty
                0x0200e0c8                CurrentStdioFD
                0x0200e140                lseek
                0x0200e018                ReplaceStdio
                0x0200e1dc                write
                0x0200dffc                fstat
                0x0200e30c                rawwrite
                0x0200e518                stdioinbyte
                0x0200e390                read
                0x0200e0f8                outbyte
                0x0200e158                open
                0x0200e110                charavail
                0x0200e0ec                fcntl
                0x0200e590                close
 .text          0x0200e5d8      0x6d8 C:\nburn/lib/NetBurner.a(system.o)
                0x0200e650                GetUserParameters
                0x0200e9b0                UpdateConfigRecord_Num
                0x0200e624                RawGetConfig
                0x0200e5d8                isvalidcr
                0x0200eb6c                SetupDialog
                0x0200e6c8                ReadLine
                0x0200eb58                UpdateConfigRecord
                0x0200e888                IpQuestion
                0x0200e93c                SaveUserParameters
                0x0200e660                ShowChange
 .text          0x0200ecb0       0x78 C:\nburn/lib/NetBurner.a(main.o)
                0x0200ece8                main
                0x0200ecb0                __do_global_ctors
 .text          0x0200ed28      0xbe0 C:\nburn/lib/NetBurner.a(utils.o)
                0x0200f714                fShowMac
                0x0200ef18                FancyDump(unsigned char*, int)
                0x0200f7a4                ShowCounters
                0x0200ee60                convertHexAsciiToBinary
                0x0200f0d8                ShowData
                0x0200ed28                kill
                0x0200f80c                fShowCounters
                0x0200f6d4                fShowIP
                0x0200ed38                _fini
                0x0200f044                ShowIP
                0x0200ed44                AsciiToIp
                0x0200f884                sShowCounters
                0x0200f770                DiagMenuPicker(int, unsigned char)
                0x0200f080                ShowMac
                0x0200edc8                convertBinaryToHexAscii
                0x0200ef00                __builtin_delete
                0x0200ed30                _exit
 .text          0x0200f908     0x1aaa C:\nburn/lib/NetBurner.a(ip.o)
                0x0200fd58                FixUpICMP(IPPKT*, unsigned char, unsigned char, unsigned char*, unsigned short)
                0x0200fac8                IsMultiCast(unsigned long)
                0x020106f8                FixHeaderAndSend(pool_buffer*, IPPKT*)
                0x0201006c                DoIPPacket(pool_buffer*, EFRAME*, unsigned short)
                0x0200f9c4                GetSum20
                0x020109f4                PingViaInterface
                0x0201000c                SaveError(pool_buffer*)
                0x0201037c                process_icmp(pool_buffer*, IPPKT*, unsigned short)
                0x0200fc04                IpProcessEthernetPacket
                0x02010230                FixHeaderAndSendViaInterface(pool_buffer*, IPPKT*, int)
                0x02010c70                ShowIPBuffer(pool_buffer*)
                0x02010858                SendICMPError(pool_buffer*, unsigned char, unsigned char)
                0x0200fe70                InitializeStack(unsigned long, unsigned long, unsigned long, unsigned long)
                0x0200fb18                GetData(IPPKT*)
                0x0200ff94                InitializeCStack
                0x02010b04                Ping
                0x0200f908                GetSum
                0x0200ffa0                GetMultiHomeInterface(unsigned long, int)
                0x02010050                IsMyIp
                0x0200fe14                IsBroadCast(unsigned long, int)
                0x0200fdc0                KillStack
                0x0200fb44                PrepareIPOutput(pool_buffer*, unsigned long, unsigned short)
                0x0200fae8                GetMultiAddress(unsigned long)
                0x0201092c                SendPing
                0x0200f9fc                GetSumHdr
                0x0200fdcc                IsLocal(unsigned long, int)
                0x02010b38                GetLocalIPInterface(unsigned long)
                0x02010b90                AddInterface(unsigned long, unsigned long, unsigned long, int)
                0x02010498                IPTask(void*)
 *fill*         0x020113b2        0x2 00
 .text          0x020113b4      0xec8 C:\nburn/lib/NetBurner.a(buffers.o)
                0x02011874                fifo_buffer_storage::Full()
                0x02011964                ShowBuffer
                0x02011c48                fifo_buffer_storage::Reset(unsigned char)
                0x02011498                InitBuffers
                0x020115c4                buffer_list::InsertBefore(pool_buffer*, pool_buffer*)
                0x0201179c                GetBuffer
                0x02011944                fifo_buffer_storage::fifo_buffer_storage(unsigned char, unsigned char)
                0x0201185c                fifo_buffer_storage::Empty()
                0x020120c0                fifo_buffer_storage::ReadDatawSum(unsigned char*, int, unsigned long&)
                0x02011848                fifo_buffer_storage::SpaceUsed()
                0x020113b4                ShowBuffers()
                0x020113e0                buffer_list::InsertHead(pool_buffer*)
                0x02011a90                GetFreeCount
                0x020113c4                IncUsageCount
                0x02011924                fifo_buffer_storage::fifo_buffer_storage(unsigned char, unsigned char)
                0x02011560                buffer_list::InsertTail(pool_buffer*)
                0x02011d08                fifo_buffer_storage::~fifo_buffer_storage()
                0x02011df8                fifo_buffer_storage::SetMaxBuffers(unsigned char)
                0x02011b08                fifo_buffer_storage::ReadData(unsigned char*, int)
                0x020118bc                fifo_buffer_storage::Init(unsigned char, unsigned char)
                0x020113bc                DumpBuffers()
                0x02011734                buffer_list::RemoveHead()
                0x020116ac                buffer_list::Remove(pool_buffer*)
                0x020117e8                buffer_list::RemoveTail()
                0x02011d1c                fifo_buffer_storage::LongSpaceAvail()
                0x02011e88                fifo_buffer_storage::WriteData(unsigned char*, int)
                0x02011450                FreeBuffer
                0x02011638                buffer_list::InsertAfter(pool_buffer*, pool_buffer*)
                0x02011dd4                fifo_buffer_storage::SpaceAvail()
                0x02011cf4                fifo_buffer_storage::~fifo_buffer_storage()
 .text          0x0201227c     0x1922 C:\nburn/lib/NetBurner.a(arp.o)
                0x02012fb0                FindAddArp(unsigned long)
                0x020123d8                sendGratuitousArp(int)
                0x020122a4                MacEqual(MACADR, MACADR)
                0x020125e0                InitializeArp()
                0x02012688                FindArp(unsigned long)
                0x020128e4                SendArp(ArpRecord*, int)
                0x02012594                GetInterface(unsigned long)
                0x02013894                AddCheckArp(MACADR*, unsigned long, int)
                0x02012304                SetMac(ArpRecord*, MACADR, int)
                0x02012dec                DeleteArpFromIp(unsigned long)
                0x0201278c                GetArpMacFromIp(unsigned long, MACADR&)
                0x020133bc                RouteOutVia(EFRAME*, unsigned long, pool_buffer*, int)
                0x02012840                GetProperInterface(unsigned long)
                0x02012f00                FreeOneArp()
                0x02013920                processArp(pool_buffer*, EFRAME*)
                0x0201239c                NeedsArp(int)
                0x02012a14                GetNextArp(ArpRecord*)
                0x020124a8                RawSendArp(ArpRecord*, unsigned long, int)
                0x02012e0c                AgeArp()
                0x020135dc                RouteOut(EFRAME*, unsigned long, pool_buffer*)
                0x02012adc                ShowArp()
                0x02012c1c                DeleteArp(ArpRecord*)
                0x02012a84                GetFirstArp()
                0x02012950                GetSrcIp
                0x0201324c                IsMyAddressUsedArpDetect(unsigned short, int)
                0x0201229c                Cleanup()
                0x0201227c                IsNull(ArpRecord*)
                0x02012b70                fShowArp(__sFILE*)
                0x020127e4                AddPending(MACADR*, unsigned long, int)
 *fill*         0x02013b9e        0x2 00
 .text          0x02013ba0      0x492 C:\nburn/lib/NetBurner.a(dns.o)
                0x02013bec                GetHostByName
 *fill*         0x02014032        0x2 00
 .text          0x02014034     0x1400 C:\nburn/lib/NetBurner.a(udp.o)
                0x020148fc                UDPPacket::Send(unsigned long, unsigned char)
                0x0201417c                UDPPacket::SetDestinationPort(unsigned short)
                0x02014240                UDPPacket::GetPacketId()
                0x0201428c                UDPPacket::GetSourceAddress()
                0x02015044                UDPPacket::UDPPacket()
                0x02014638                UDPPacket::AddDataByte(unsigned char)
                0x02014a14                UDPPacket::SendAndKeep(unsigned long, unsigned char)
                0x0201458c                UDPPacket::AddData(unsigned char*, unsigned short)
                0x020142b0                RegisterUDPFifo(unsigned short, os_fifo*)
                0x02014680                UDPPacket::AddData(char const*)
                0x020140a8                UDPPacket::UDPPacket(pool_buffer*)
                0x02014740                UDPPacket::SendViaInterface(unsigned long, int, unsigned char)
                0x02014228                UDPPacket::GetIpPacket()
                0x02014868                UDPPacket::SendVia(unsigned long, unsigned long, unsigned char)
                0x02014a84                UDPPacket::~UDPPacket()
                0x02014034                GetUdpFifoRec(unsigned short)
                0x020141b8                UDPPacket::GetDataBuffer()
                0x02014378                RegisterUDPFifoWithNotify(unsigned short, os_fifo*, void (*)(os_fifo*, unsigned short))
                0x020140f4                UDPPacket::UDPPacket(pool_buffer*)
                0x020141ec                UDPPacket::GetDataSize() const
                0x02014af0                ProcessIDPacket(UDPPacket&, int)
                0x0201465c                UDPPacket::AddDataWord(unsigned short)
                0x02015088                process_udp(pool_buffer*, IPPKT*, unsigned short)
                0x020146b0                UDPPacket::Validate()
                0x02014198                UDPPacket::GetDestinationPort() const
                0x02014440                UnregisterUDPFifo(unsigned short)
                0x02015374                UDPPacket::UDPPacket(os_fifo*, unsigned long)
                0x020141cc                UDPPacket::SetDataSize(unsigned short)
                0x02014508                FixIDDataPacket(UDPPacket&, _InterfaceBlock*)
                0x02014214                UDPPacket::ResetData()
                0x02014a5c                UDPPacket::~UDPPacket()
                0x020153d4                UDPPacket::UDPPacket(os_fifo*, unsigned long)
                0x020148a8                UDPPacket::SendAndKeepVia(unsigned long, unsigned long, unsigned char)
                0x02014140                UDPPacket::SetSourcePort(unsigned short)
                0x0201415c                UDPPacket::GetSourcePort() const
                0x02014564                FixIDDataPacket(UDPPacket&, int)
                0x02014aac                UDPPacket::UDPPacket()
                0x02014268                UDPPacket::GetDestinationAddress()
 .text          0x02015434     0x52f2 C:\nburn/lib/NetBurner.a(tcp.o)
                0x02016adc                SendTcpRst(IPPKT*)
                0x02015a70                GetTcpState(int)
                0x02015aa4                GetTcpDState
                0x02016d20                InitTCP()
                0x02017720                _Socket_Private_read
                0x02015a24                ShortSocketList::ShortSocketList()
                0x02015ad8                SetOutOfOrderbuffers(int, unsigned char)
                0x020156a4                GetSocketRemotePort(int)
                0x0201624c                socket_struct::MyAdvertisedWindow()
                0x020160e8                SetSocketTxBuffers(int, int)
                0x020157b8                setsockoption(int, int)
                0x02016590                TcpSend(socket_struct*, unsigned long, pool_buffer*, unsigned short, unsigned char)
                0x02019574                TCPTimerTask(void*)
                0x0201a61c                process_tcp(pool_buffer*, IPPKT*, unsigned short)
                0x02018b6c                socket_struct::ProcessRST()
                0x02015b1c                TcpGetLastRxTime(int)
                0x02017c74                abortsocket
                0x02017da8                socket_struct::ProcessDataSegment(TCPPKT*, unsigned short, unsigned char*, pool_buffer*&)
                0x0201969c                connectvia(unsigned long, unsigned short, unsigned short, unsigned long, unsigned long)
                0x0201730c                HashSocketList::RemoveSocket(socket_struct*) const
                0x02018440                _Socket_Private_write
                0x020157f0                getsockoption(int)
                0x02019b68                socket_struct::ProcessAck(TCPPKT*)
                0x0201773c                socket_struct::SaveData(unsigned char*, unsigned short, unsigned char)
                0x02016ffc                GetTcpRtxCount(int)
                0x02015598                fixoverlap(unsigned long, unsigned long, unsigned long&, unsigned long&)
                0x02017a1c                socket_struct::SetTimer(unsigned long)
                0x02019b40                connect(unsigned long, unsigned short, unsigned short, unsigned long)
                0x0201587c                HashSocketList::HashSocketList()
                0x02018668                GetTcpSocket(TCPPKT*, unsigned long)
                0x02015d68                TcpGetRxBufferSpaceUsed(int)
                0x02018088                socket_struct::DoRawSend()
                0x02015da8                ShowFdTcpSocket(int)
                0x0201606c                socket_struct::ClearPending(int)
                0x02017070                ShortSocketList::findsocket(unsigned short, unsigned short, unsigned long) const
                0x02019ab8                connect(unsigned long, unsigned short, unsigned short, unsigned long, unsigned long)
                0x02016f88                TcpSendKeepAlive(int)
                0x02015614                getsocketerror(int)
                0x02015864                EnableTcpDebug(unsigned short)
                0x02019480                socket_struct::ProcessTimer()
                0x02017f64                socket_struct::SetUpNextRetransmit()
                0x02015874                HashSocketList::HashSocketList()
                0x02017550                SockReadWithTimeout
                0x02016f1c                GetFreeSocketCount()
                0x02019e14                socket_struct::ProcessFIN(TCPPKT*, unsigned short)
                0x020162c4                FixHeaderAndSendTcp(pool_buffer*, IPPKT*, socket_struct*)
                0x02015820                setsocketackbuffers(int, unsigned char)
                0x02015798                socket_struct::CleanUpDeletedListener()
                0x02015554                FindListenSocket(unsigned short, unsigned long)
                0x020163c8                TcpSendwSum(socket_struct*, unsigned long, pool_buffer*, unsigned short, unsigned char, unsigned long)
                0x02017a9c                socket_struct::DoCleanup()
                0x0201782c                socket_struct::TestOutofOrder()
                0x02015b8c                TcpGetLastRxInterval(int)
                0x02015434                GetFirstSeq()
                0x020189d0                FREESOCKET(socket_struct*)
                0x02018a64                ShortSocketList::AddSocket(socket_struct*)
                0x02018f6c                socket_struct::DoRetransmit(unsigned char)
                0x02015a34                ShortSocketList::Init()
                0x02017114                ShortSocketList::processTick()
                0x02019084                _Socket_Private_close
                0x020191c4                accept(int, unsigned long*, unsigned short*, unsigned short)
                0x02015a2c                ShortSocketList::ShortSocketList()
                0x02016128                SetSocketRxBuffers(int, int)
                0x0201880c                listen(unsigned long, unsigned short, unsigned char)
                0x02015884                HashSocketList::Init() const
                0x0201589c                ShortSocketList::GetFreeShort()
                0x02015674                GetSocketRemoteAddr(int)
                0x02017478                HashSocketList::findsocket(unsigned short, unsigned short, unsigned long) const
                0x02015cfc                WaitForSocketFlush(int, unsigned long)
                0x0201586c                DumpTcpPacket(IPPKT*)
                0x02018914                RemoveFromUserCloseList(socket_struct*)
                0x02015478                ValidateTCP(IPPKT*, unsigned short)
                0x020171c4                ShortSocketList::process(pool_buffer*, TCPPKT*, unsigned long) const
                0x02015464                socket_struct::SetState(int)
                0x02016168                socket_struct::processoptions(pool_buffer*, TCPPKT*, IPPKT*)
                0x02018c78                socket_struct::DoClose(int)
                0x02018720                GetFreeSocket()
                0x020156d4                GetSocketLocalPort(int)
                0x020173c4                HashSocketList::AddSocket(socket_struct*) const
                0x020159e4                ShortSocketList::FreeShort(ShortSocket*) const
                0x02015704                socket_struct::CalcRTO(unsigned long)
                0x02016a84                socket_struct::OpenWindow()
                0x02016bf0                SendTcpSynRst(IPPKT*)
                0x02015cac                TcpAllDataAcked(int)
                0x020183c0                clrsockoption(int, int)
                0x02015b50                TcpGetSocketState(int)
                0x0201585c                DumpTcpDebug()
                0x02015644                GetSocketLocalAddr(int)
                0x02019f88                socket_struct::process(pool_buffer*, TCPPKT*)
                0x02015aac                RegisterTCPReadNotify
                0x02016620                socket_struct::SendState(unsigned short, pool_buffer*)
 *fill*         0x0201a726        0x2 00
 .text          0x0201a728      0x5aa C:\nburn/lib/NetBurner.a(http.o)
                0x0201a728                StartHTTP
                0x0201a860                HttpMain(void*)
                0x0201a76c                processHttpRequest(char**, char*, char*, int, HTTP_Request&)
 *fill*         0x0201acd2        0x2 00
 .text          0x0201acd4      0xbee C:\nburn/lib/NetBurner.a(httpinternal.o)
                0x0201ad0c                SetNewPostHandler
                0x0201b3ac                BaseDoGet
                0x0201ad54                SetNewMultiPartHandler
                0x0201b114                SendHTMLHeader
                0x0201acdc                append(char*&, char*)
                0x0201ad6c                SetNewMultiPartExtractHandler
                0x0201b4e0                HTTP_Request::Respond(int)
                0x0201b248                writesafestring
                0x0201b358                ShowIPOnFd(int, unsigned long)
                0x0201b054                SendGifHeader
                0x0201b070                SendTextHeader
                0x0201b08c                BaseDoHead
                0x0201afb8                NotFoundResponse
                0x0201ad00                BaseDoPost
                0x0201ad84                SetNewErrorHandler
                0x0201add0                ExtractPostData
                0x0201b00c                RedirectResponse
                0x0201b614                HTTP_Request::ProcessLine(char*)
                0x0201ad24                SetNewGetHandler
                0x0201acd4                StopHTTP
                0x0201ad9c                InitHttp()
                0x0201ad3c                SetNewHeadHandler
                0x0201b130                writeallsafestring
                0x0201b494                SendHTMLHeaderWCookie
                0x0201af64                httpstricmp
 *fill*         0x0201b8c2        0x2 00
 .text          0x0201b8c4      0x63e C:\nburn/lib/NetBurner.a(htmldecomp.o)
                0x0201b968                SendHtml(int, char*, int, char const*)
                0x0201bc40                SendData(HTML_FILE_RECORD*, int, char const*)
                0x0201bd14                GetRecordFromName(char*)
                0x0201b8c4                SendHeader(int, char const*, int)
                0x0201be5c                SendFullResponse(char*, int)
                0x0201bd94                SendFileFragment(char*, int, char const*)
                0x0201b95c                SendCompressed(int, char*, int)
                0x0201bdc0                SendHeaderResponse(char*, int)
                0x0201b940                SendXMLHeader(int)
 *fill*         0x0201bf02        0x2 00
 .text          0x0201bf04      0x69e C:\nburn/lib/NetBurner.a(iosys.o)
                0x0201c340                SetDataAvail
                0x0201c1e0                writeall
                0x0201c240                RawCheckSelects()
                0x0201c2ec                SetHaveError
                0x0201c37c                RemoveSelect(PendingSelect*)
                0x0201c304                SetWriteAvail
                0x0201c0d0                ZeroWaitSelect
                0x0201c3fc                AddSelect(PendingSelect*)
                0x0201c024                FD_ISSET
                0x0201bfcc                ClrDataAvail
                0x0201c454                select
                0x0201bfb4                ClrWriteAvail
                0x0201c2b8                CheckSelects()
                0x0201c184                writestring
                0x0201c094                countbits(fd_set*)
                0x0201bf04                FD_OVERLAP(fd_set*, fd_set*)
                0x0201c154                dataavail
                0x0201bf40                FD_ZERO
                0x0201bfe4                FD_SET
                0x0201bf9c                ClrHaveError
                0x0201c070                countdwbits(unsigned long)
                0x0201c4f4                ReadWithTimeout
                0x0201bf58                FD_CLR
 *fill*         0x0201c5a2        0x2 00
 .text          0x0201c5a4       0x26 C:\nburn/lib/NetBurner.a(new_ops.o)
                0x0201c5a4                operator new(unsigned long)
 *fill*         0x0201c5ca        0x2 00
 .text          0x0201c5cc      0x71c C:\nburn/lib/NetBurner.a(autoip.o)
                0x0201c808                AutoIPClient::AutoIPClient(int)
                0x0201c6e8                AutoIPClient::stop()
                0x0201cb34                AutoIPClient::arpCheck()
                0x0201c658                AutoIPClient::getNextTick()
                0x0201c990                AutoIPClient::announce()
                0x0201c60c                AutoIPClient::addressCollision()
                0x0201c648                AutoIPClient::getState()
                0x0201ca6c                AutoIPClient::startArp()
                0x0201cc90                AutoIPClient::staticTimeTick()
                0x0201c5cc                AutoIPClient::start()
                0x0201c884                AutoIPClient::AutoIPClient(int)
                0x0201c668                AutoIPClient::tickDelay(int)
                0x0201c690                AutoIPClient::negotiate()
                0x0201c9d4                AutoIPClient::setRNG()
                0x0201c7a4                AutoIPClient::~AutoIPClient()
                0x0201cc20                AutoIPClient::timeTick()
                0x0201c720                AutoIPClient::restart()
                0x0201c900                AddAutoIPInterface(int)
                0x0201c740                AutoIPClient::~AutoIPClient()
                0x0201ca30                AutoIPClient::generateNewIPAddr()
 .text          0x0201cce8     0x1cf0 C:\nburn/lib/NetBurner.a(dhcpc.o)
                0x0201cef0                CompareChaddr(unsigned char*, unsigned char*)
                0x0201d570                DhcpObject::DhcpObject(int)
                0x0201e544                DhcpObject::RestartDHCP()
                0x0201d428                DhcpObject::StopBOOTP()
                0x0201d414                DhcpObject::StopProcessing()
                0x0201cdf0                DHCPMessage::ResetBytes()
                0x0201d48c                DhcpObject::~DhcpObject()
                0x0201e998                DhcpObject::staticDHCPTimer()
                0x0201ced4                DHCPMessage::GetOptionData(unsigned char)
                0x0201e86c                DhcpObject::RenewDHCP()
                0x0201d718                DHCPMessage::MsgForInterface(int)
                0x0201e028                DhcpObject::StopDHCP()
                0x0201e280                DhcpObject::ReTransmitPacket(unsigned long)
                0x0201d4fc                DhcpObject::UpdateIPRuntimeVars(unsigned char)
                0x0201e374                DhcpObject::StartDHCP()
                0x0201d4e8                SetDHCPDiscoverSeconds(unsigned long)
                0x0201e7f8                DhcpObject::staticDHCPPacket(pool_buffer*)
                0x0201cf80                AddDhcpOptions(DHCPMessage&, int&)
                0x0201e080                DhcpObject::CreateDhcpRenewMsg(DHCPMessage&)
                0x0201cf2c                ValidDhcpMsg(unsigned char*)
                0x0201d644                DhcpObject::DhcpObject(int)
                0x0201d430                DhcpObject::~DhcpObject()
                0x0201d0d8                DhcpObject::DhcpConfig(DHCPMessage&)
                0x0201df34                DhcpObject::CreateDhcpReleaseMsg(DHCPMessage&)
                0x0201d3e8                DhcpObject::GetRemainingDhcpLeaseTime()
                0x0201ce58                DHCPMessage::GetOptionData(unsigned char, int&)
                0x0201d750                DHCPMessage::DHCPMessage(unsigned char*)
                0x0201e570                __restartDHCP(DhcpObject*)
                0x0201e898                DhcpObject::DHCPTimer()
                0x0201cce8                DHCPMessage::DHCPMessage()
                0x0201e3a4                GetDHCPAddress(int)
                0x0201d778                DHCPMessage::DHCPMessage(unsigned char*)
                0x0201d3bc                DhcpObject::GetDHCPState()
                0x0201d038                DhcpObject::BootpConfig(DHCPMessage&)
                0x0201e494                GetDHCPAddressIfNecessary(int)
                0x0201e348                DhcpObject::StartBOOTP()
                0x0201dbe8                CreateDhcpDiscoverMsg(DHCPMessage&, int)
                0x0201db74                DHCPMessage::SendMsg(unsigned long, int)
                0x0201cdb8                DHCPMessage::ClearOptions()
                0x0201d3cc                DhcpObject::ValidDhcpLease()
                0x0201e578                DhcpObject::DHCPPacket(pool_buffer*)
                0x0201dddc                DhcpObject::CreateBootpMsg(DHCPMessage&)
                0x0201d7a0                CreateDhcpRequestMsg(DHCPMessage&, DHCPMessage&, int)
                0x0201cd50                DHCPMessage::DHCPMessage()
                0x0201e840                DhcpObject::RebindDHCP()
 .text          0x0201e9d8      0x4b2 C:\nburn/lib/NetBurner.a(netinterface.o)
                0x0201edbc                InitializeNetwork(void (*)(pool_buffer*, EFRAME*, unsigned short), void (*)(pool_buffer*, EFRAME*))
                0x0201ea90                InterfaceIP(int)
                0x0201eb84                GetEframe(pool_buffer*)
                0x0201ed5c                SaveIfConfig(ConfigRecord*, int)
                0x0201ec50                RegisterMultiHomeInterface(_InterfaceBlock*)
                0x0201e9d8                GetFirstInterface()
                0x0201ed8c                GetIfConfig(int)
                0x0201eb40                InterfaceMAC(int)
                0x0201ea3c                GetInterFaceBlock(int)
                0x0201eabc                InterfaceDNS(int)
                0x0201eae8                InterfaceMASK(int)
                0x0201e9f8                GetnextInterface(int)
                0x0201ee28                TransmitBuffer(pool_buffer*, int)
                0x0201ebf0                DisableMulticast(MACADR, int)
                0x0201ecb8                RegisterInterface(_InterfaceBlock*)
                0x0201eb98                EnableMulticast(MACADR, int)
                0x0201ed28                Removeinterface(int)
                0x0201ec48                StopNetworks()
                0x0201ea68                GetInterfaceNumber(_InterfaceBlock*)
                0x0201eb14                InterfaceGate(int)
 *fill*         0x0201ee8a        0x2 00
 .text          0x0201ee8c      0x5c8 C:\nburn/lib/NetBurner.a(taskmon.o)
                0x0201f394                ProcessTaskPacket(UDPPacket&, int)
                0x0201ee8c                EnableTaskMonitor()
                0x0201eea0                BufferDumpTCBState(os_tcb*)
 .text          0x0201f454      0x538 C:\nburn/lib/NetBurner.a(autoupdate.o)
                0x0201f8dc                ProcessAutoUpdatePacket(UDPPacket&)
                0x0201f610                DoData(UDPPacket&)
                0x0201f454                EnableAutoUpdate
                0x0201f468                DoReboot()
                0x0201f498                DoExecute(UDPPacket&, int)
                0x0201f700                DoStart(UDPPacket&)
 .text          0x0201f98c       0x52 C:\nburn/lib/NetBurner.a(device.o)
                0x0201f9ac                DeviceInitializeSem
                0x0201f98c                DeviceGetQspiSem()
                0x0201f99c                DeviceGetI2cSem()
 *fill*         0x0201f9de        0x2 00
 .text          0x0201f9e0      0x1ea C:\nburn/lib/SB70LC.a(ioboard.o)
                0x0201fb14                putleds
                0x0201fb74                putdisp
                0x0201f9e0                InitChipBoardSelect
                0x0201fac4                getdipsw
                0x0201fa34                OnModDev70
 *fill*         0x0201fbca        0x2 00
 .text          0x0201fbcc     0x1622 C:\nburn/lib/SB70LC.a(ethernet.o)
                0x02020334                AddEthernetInterface()
                0x0201fdb0                StopEnet()
                0x02020048                ResetEnet()
                0x0201fee0                FindSpeedDuplex()
                0x0201fbcc                read_eth_addr(MACADR*)
                0x020203e8                WarmEnetReset()
                0x02021040                real_rxenetisr
                0x0201fbf8                fake_rxenetisr()
                0x02020ca8                DoRX(pool_buffer*, unsigned short)
                0x0201fbfc                rxenetisr
                0x0201fc4c                fake_txenetisr()
                0x02020488                EnablePHY()
                0x0202025c                EthMultifunc(MACADR, unsigned char)
                0x0201fca0                GetMII(unsigned char, unsigned char)
                0x020207c8                ProcessLinkStatus()
                0x02020540                ResetEnetPart2()
                0x0201fc50                txenetisr
                0x0201fd24                SetMII(unsigned char, unsigned char, unsigned short)
                0x02020278                InitializeEthernet()
                0x02020ab0                real_txenetisr
                0x0201fde0                DisablePHY()
                0x02020500                ManualEthernetConfig(unsigned char, unsigned char, unsigned char)
                0x0201fe10                FindPHYAddr()
                0x0202095c                EthTransmitBuffer(pool_buffer*)
                0x02020ea0                Ether_ProcessTask(void*)
 *fill*         0x020211ee        0x2 00
 .text          0x020211f0      0x152 C:\nburn/lib/SB70LC.a(etherprint.o)
                0x020211f0                EtherLink()
                0x02021204                EtherSpeed100()
                0x02021224                showBinary(unsigned short, unsigned short)
                0x020212b0                showMii(unsigned char, unsigned char, char const*, unsigned short)
                0x02021214                EtherDuplex()
                0x02021318                switchMiiPage(unsigned long)
 *fill*         0x02021342        0x2 00
 .text          0x02021344      0x196 C:\nburn/lib/SB70LC.a(emulticast.o)
                0x02021428                EthDisableMulticast(MACADR)
                0x02021384                EthEnableMulticast(MACADR)
                0x02021344                GetMultiCastCRC(MACADR)
 *fill*         0x020214da        0x2 00
 .text          0x020214dc      0xba0 c:/nburn/gcc-m68k/bin/../lib/gcc/m68k-elf/4.2.1/m5206e\libgcc.a(_double.o)
                0x02021fda                __cmpdf2
                0x0202153c                __adddf3
                0x02021ea4                __negdf2
                0x02021bb4                __divdf3
                0x02021f02                __cmpdf2_internal
                0x020219d8                __muldf3
                0x02021536                __subdf3
 .text          0x0202207c      0x7ca c:/nburn/gcc-m68k/bin/../lib/gcc/m68k-elf/4.2.1/m5206e\libgcc.a(_float.o)
                0x020224ee                __divsf3
                0x020220c4                __subsf3
                0x020226e2                __negsf2
                0x020227d4                __cmpsf2
                0x02022734                __cmpsf2_internal
                0x020223ac                __mulsf3
                0x020220ca                __addsf3
 *fill*         0x02022846        0x2 00
 .text          0x02022848       0x74 c:/nburn/gcc-m68k/bin/../lib/gcc/m68k-elf/4.2.1/m5206e\libgcc.a(_floatex.o)
                0x02022854                $_exception_handler
                0x02022848                __clear_sticky_bit
 .text          0x020228bc       0x22 c:/nburn/gcc-m68k/bin/../lib/gcc/m68k-elf/4.2.1/m5206e\libgcc.a(_ltdf2.o)
                0x020228bc                __ltdf2
 *fill*         0x020228de        0x2 00
 .text          0x020228e0       0x1a c:/nburn/gcc-m68k/bin/../lib/gcc/m68k-elf/4.2.1/m5206e\libgcc.a(_ltsf2.o)
                0x020228e0                __ltsf2
 *fill*         0x020228fa        0x2 00
 .text          0x020228fc       0x7a c:/nburn/gcc-m68k/bin/../lib/gcc/m68k-elf/4.2.1/m5206e\libgcc.a(_fixunsdfsi.o)
                0x020228fc                __fixunsdfsi
 *fill*         0x02022976        0x2 00
 .text          0x02022978      0x49a c:/nburn/gcc-m68k/bin/../lib/gcc/m68k-elf/4.2.1/m5206e\libgcc.a(fpgnulib.o)
                0x02022df8                __fixsfsi
                0x02022ae0                __floatsidf
                0x02022bb6                __extendsfdf2
                0x02022a6e                __floatunsidf
                0x02022d78                __fixdfsi
                0x02022b9c                __floatsisf
                0x02022c50                __truncdfsf2
                0x02022978                __unordsf2
                0x02022b82                __floatunsisf
                0x020229da                __unorddf2
 *fill*         0x02022e12        0x2 00
 .text          0x02022e14       0x22 c:/nburn/gcc-m68k/bin/../lib/gcc/m68k-elf/4.2.1/m5206e\libgcc.a(_gedf2.o)
                0x02022e14                __gedf2
 *fill*         0x02022e36        0x2 00
 .text          0x02022e38       0x34 c:/nburn/gcc-m68k/bin/../lib/gcc/m68k-elf/4.2.1/../../../../m68k-elf/lib/m5206e\libc.a(lib_a-atoi.o)
                0x02022e38                _atoi_r
                0x02022e54                atoi
 .text          0x02022e6c       0x34 c:/nburn/gcc-m68k/bin/../lib/gcc/m68k-elf/4.2.1/../../../../m68k-elf/lib/m5206e\libc.a(lib_a-atol.o)
                0x02022e6c                _atol_r
                0x02022e88                atol
 .text          0x02022ea0       0x64 c:/nburn/gcc-m68k/bin/../lib/gcc/m68k-elf/4.2.1/../../../../m68k-elf/lib/m5206e\libc.a(lib_a-bsearch.o)
                0x02022ea0                bsearch
 .text          0x02022f04       0x1e c:/nburn/gcc-m68k/bin/../lib/gcc/m68k-elf/4.2.1/../../../../m68k-elf/lib/m5206e\libc.a(lib_a-cxa_atexit.o)
                0x02022f04                __cxa_atexit
 *fill*         0x02022f22        0x2 00
 .text          0x02022f24        0xe c:/nburn/gcc-m68k/bin/../lib/gcc/m68k-elf/4.2.1/../../../../m68k-elf/lib/m5206e\libc.a(lib_a-errno.o)
                0x02022f24                __errno
 *fill*         0x02022f32        0x2 00
 .text          0x02022f34       0xfe c:/nburn/gcc-m68k/bin/../lib/gcc/m68k-elf/4.2.1/../../../../m68k-elf/lib/m5206e\libc.a(lib_a-fclose.o)
                0x02022f34                _fclose_r
                0x0202301c                fclose
 *fill*         0x02023032        0x2 00
 .text          0x02023034       0xaa c:/nburn/gcc-m68k/bin/../lib/gcc/m68k-elf/4.2.1/../../../../m68k-elf/lib/m5206e\libc.a(lib_a-fdopen.o)
                0x02023034                _fdopen_r
                0x020230c4                fdopen
 *fill*         0x020230de        0x2 00
 .text          0x020230e0      0x198 c:/nburn/gcc-m68k/bin/../lib/gcc/m68k-elf/4.2.1/../../../../m68k-elf/lib/m5206e\libc.a(lib_a-fflush.o)
                0x020230e0                fflush
 .text          0x02023278      0x25e c:/nburn/gcc-m68k/bin/../lib/gcc/m68k-elf/4.2.1/../../../../m68k-elf/lib/m5206e\libc.a(lib_a-findfp.o)
                0x020232d2                __sinit
                0x0202338a                __sfmoreglue
                0x02023378                _cleanup
                0x0202335e                _cleanup_r
                0x020233f8                __sfp
 *fill*         0x020234d6        0x2 00
 .text          0x020234d8       0x24 c:/nburn/gcc-m68k/bin/../lib/gcc/m68k-elf/4.2.1/../../../../m68k-elf/lib/m5206e\libc.a(lib_a-fiprintf.o)
                0x020234d8                fiprintf
 .text          0x020234fc       0x96 c:/nburn/gcc-m68k/bin/../lib/gcc/m68k-elf/4.2.1/../../../../m68k-elf/lib/m5206e\libc.a(lib_a-flags.o)
                0x020234fc                __sflags
 *fill*         0x02023592        0x2 00
 .text          0x02023594      0x422 c:/nburn/gcc-m68k/bin/../lib/gcc/m68k-elf/4.2.1/../../../../m68k-elf/lib/m5206e\libc.a(lib_a-freer.o)
                0x02023684                _free_r
                0x02023594                _malloc_trim_r
 *fill*         0x020239b6        0x2 00
 .text          0x020239b8       0xe4 c:/nburn/gcc-m68k/bin/../lib/gcc/m68k-elf/4.2.1/../../../../m68k-elf/lib/m5206e\libc.a(lib_a-fwalk.o)
                0x020239b8                _fwalk
                0x02023a28                _fwalk_reent
 .text          0x02023a9c        0x0 c:/nburn/gcc-m68k/bin/../lib/gcc/m68k-elf/4.2.1/../../../../m68k-elf/lib/m5206e\libc.a(lib_a-impure.o)
 .text          0x02023a9c       0x54 c:/nburn/gcc-m68k/bin/../lib/gcc/m68k-elf/4.2.1/../../../../m68k-elf/lib/m5206e\libc.a(lib_a-iprintf.o)
                0x02023a9c                _iprintf_r
                0x02023ac6                iprintf
 .text          0x02023af0       0x1c c:/nburn/gcc-m68k/bin/../lib/gcc/m68k-elf/4.2.1/../../../../m68k-elf/lib/m5206e\libc.a(lib_a-isspace.o)
                0x02023af0                isspace
 .text          0x02023b0c       0x32 c:/nburn/gcc-m68k/bin/../lib/gcc/m68k-elf/4.2.1/../../../../m68k-elf/lib/m5206e\libc.a(lib_a-malloc.o)
                0x02023b26                malloc
                0x02023b0c                free
 *fill*         0x02023b3e        0x2 00
 .text          0x02023b40      0x78c c:/nburn/gcc-m68k/bin/../lib/gcc/m68k-elf/4.2.1/../../../../m68k-elf/lib/m5206e\libc.a(lib_a-mallocr.o)
                0x02023b40                _malloc_r
 .text          0x020242cc       0x8a c:/nburn/gcc-m68k/bin/../lib/gcc/m68k-elf/4.2.1/../../../../m68k-elf/lib/m5206e\libc.a(lib_a-puts.o)
                0x020242cc                _puts_r
                0x02024340                puts
 *fill*         0x02024356        0x2 00
 .text          0x02024358       0x6a c:/nburn/gcc-m68k/bin/../lib/gcc/m68k-elf/4.2.1/../../../../m68k-elf/lib/m5206e\libc.a(lib_a-rand.o)
                0x02024370                rand
                0x02024358                srand
 *fill*         0x020243c2        0x2 00
 .text          0x020243c4       0x4e c:/nburn/gcc-m68k/bin/../lib/gcc/m68k-elf/4.2.1/../../../../m68k-elf/lib/m5206e\libc.a(lib_a-rget.o)
                0x020243fe                __srget
                0x020243c4                __srget_r
 *fill*         0x02024412        0x2 00
 .text          0x02024414      0x1ee c:/nburn/gcc-m68k/bin/../lib/gcc/m68k-elf/4.2.1/../../../../m68k-elf/lib/m5206e\libc.a(lib_a-setvbuf.o)
                0x02024414                setvbuf
 *fill*         0x02024602        0x2 00
 .text          0x02024604       0xba c:/nburn/gcc-m68k/bin/../lib/gcc/m68k-elf/4.2.1/../../../../m68k-elf/lib/m5206e\libc.a(lib_a-siprintf.o)
                0x02024662                _siprintf_r
                0x02024604                siprintf
 *fill*         0x020246be        0x2 00
 .text          0x020246c0       0xba c:/nburn/gcc-m68k/bin/../lib/gcc/m68k-elf/4.2.1/../../../../m68k-elf/lib/m5206e\libc.a(lib_a-sprintf.o)
                0x0202471e                _sprintf_r
                0x020246c0                sprintf
 *fill*         0x0202477a        0x2 00
 .text          0x0202477c      0x162 c:/nburn/gcc-m68k/bin/../lib/gcc/m68k-elf/4.2.1/../../../../m68k-elf/lib/m5206e\libc.a(lib_a-stdio.o)
                0x0202479a                __sseek
                0x0202488c                __sread
                0x0202477c                __sclose
                0x020247fc                __swrite
 *fill*         0x020248de        0x2 00
 .text          0x020248e0       0x92 c:/nburn/gcc-m68k/bin/../lib/gcc/m68k-elf/4.2.1/../../../../m68k-elf/lib/m5206e\libc.a(lib_a-strcasecmp.o)
                0x020248e0                strcasecmp
 *fill*         0x02024972        0x2 00
 .text          0x02024974       0x7c c:/nburn/gcc-m68k/bin/../lib/gcc/m68k-elf/4.2.1/../../../../m68k-elf/lib/m5206e\libc.a(lib_a-strcat.o)
                0x02024974                strcat
 .text          0x020249f0       0x70 c:/nburn/gcc-m68k/bin/../lib/gcc/m68k-elf/4.2.1/../../../../m68k-elf/lib/m5206e\libc.a(lib_a-strcmp.o)
                0x020249f0                strcmp
 .text          0x02024a60       0x22 c:/nburn/gcc-m68k/bin/../lib/gcc/m68k-elf/4.2.1/../../../../m68k-elf/lib/m5206e\libc.a(lib_a-strcpy.o)
                0x02024a60                strcpy
 *fill*         0x02024a82        0x2 00
 .text          0x02024a84       0x1a c:/nburn/gcc-m68k/bin/../lib/gcc/m68k-elf/4.2.1/../../../../m68k-elf/lib/m5206e\libc.a(lib_a-strlen.o)
                0x02024a84                strlen
 *fill*         0x02024a9e        0x2 00
 .text          0x02024aa0       0xda c:/nburn/gcc-m68k/bin/../lib/gcc/m68k-elf/4.2.1/../../../../m68k-elf/lib/m5206e\libc.a(lib_a-strncmp.o)
                0x02024aa0                strncmp
 *fill*         0x02024b7a        0x2 00
 .text          0x02024b7c       0x46 c:/nburn/gcc-m68k/bin/../lib/gcc/m68k-elf/4.2.1/../../../../m68k-elf/lib/m5206e\libc.a(lib_a-strstr.o)
                0x02024b7c                strstr
 *fill*         0x02024bc2        0x2 00
 .text          0x02024bc4      0x18a c:/nburn/gcc-m68k/bin/../lib/gcc/m68k-elf/4.2.1/../../../../m68k-elf/lib/m5206e\libc.a(lib_a-strtol.o)
                0x02024d30                strtol
                0x02024bc4                _strtol_r
 *fill*         0x02024d4e        0x2 00
 .text          0x02024d50       0x26 c:/nburn/gcc-m68k/bin/../lib/gcc/m68k-elf/4.2.1/../../../../m68k-elf/lib/m5206e\libc.a(lib_a-toupper.o)
                0x02024d50                toupper
 *fill*         0x02024d76        0x2 00
 .text          0x02024d78     0x1280 c:/nburn/gcc-m68k/bin/../lib/gcc/m68k-elf/4.2.1/../../../../m68k-elf/lib/m5206e\libc.a(lib_a-vfiprintf.o)
                0x02025fda                vfiprintf
                0x02024dbc                _vfiprintf_r
 .text          0x02025ff8     0x1fac c:/nburn/gcc-m68k/bin/../lib/gcc/m68k-elf/4.2.1/../../../../m68k-elf/lib/m5206e\libc.a(lib_a-vfprintf.o)
                0x0202603c                _vfprintf_r
                0x02027f86                vfprintf
 .text          0x02027fa4      0x124 c:/nburn/gcc-m68k/bin/../lib/gcc/m68k-elf/4.2.1/../../../../m68k-elf/lib/m5206e\libc.a(lib_a-wbuf.o)
                0x02027fa4                __swbuf_r
                0x020280ae                __swbuf
 .text          0x020280c8       0x7c c:/nburn/gcc-m68k/bin/../lib/gcc/m68k-elf/4.2.1/../../../../m68k-elf/lib/m5206e\libc.a(lib_a-wcrtomb.o)
                0x020280c8                _wcrtomb_r
                0x02028128                wcrtomb
 .text          0x02028144      0x130 c:/nburn/gcc-m68k/bin/../lib/gcc/m68k-elf/4.2.1/../../../../m68k-elf/lib/m5206e\libc.a(lib_a-wcsrtombs.o)
                0x02028144                _wcsrtombs_r
                0x02028252                wcsrtombs
 .text          0x02028274      0x452 c:/nburn/gcc-m68k/bin/../lib/gcc/m68k-elf/4.2.1/../../../../m68k-elf/lib/m5206e\libc.a(lib_a-wctomb_r.o)
                0x02028274                _wctomb_r
 *fill*         0x020286c6        0x2 00
 .text          0x020286c8       0x3e c:/nburn/gcc-m68k/bin/../lib/gcc/m68k-elf/4.2.1/../../../../m68k-elf/lib/m5206e\libc.a(lib_a-writer.o)
                0x020286c8                _write_r
 *fill*         0x02028706        0x2 00
 .text          0x02028708      0x130 c:/nburn/gcc-m68k/bin/../lib/gcc/m68k-elf/4.2.1/../../../../m68k-elf/lib/m5206e\libc.a(lib_a-wsetup.o)
                0x02028708                __swsetup
 .text          0x02028838       0xe8 c:/nburn/gcc-m68k/bin/../lib/gcc/m68k-elf/4.2.1/../../../../m68k-elf/lib/m5206e\libc.a(lib_a-__atexit.o)
                0x02028838                __register_exitproc
 .text          0x02028920       0x32 c:/nburn/gcc-m68k/bin/../lib/gcc/m68k-elf/4.2.1/../../../../m68k-elf/lib/m5206e\libc.a(lib_a-closer.o)
                0x02028920                _close_r
 *fill*         0x02028952        0x2 00
 .text          0x02028954        0x0 c:/nburn/gcc-m68k/bin/../lib/gcc/m68k-elf/4.2.1/../../../../m68k-elf/lib/m5206e\libc.a(lib_a-ctype_.o)
 .text          0x02028954     0x160a c:/nburn/gcc-m68k/bin/../lib/gcc/m68k-elf/4.2.1/../../../../m68k-elf/lib/m5206e\libc.a(lib_a-dtoa.o)
                0x02028b06                _dtoa_r
 *fill*         0x02029f5e        0x2 00
 .text          0x02029f60      0x37e c:/nburn/gcc-m68k/bin/../lib/gcc/m68k-elf/4.2.1/../../../../m68k-elf/lib/m5206e\libc.a(lib_a-fvwrite.o)
                0x02029f60                __sfvwrite_r
 *fill*         0x0202a2de        0x2 00
 .text          0x0202a2e0       0xa6 c:/nburn/gcc-m68k/bin/../lib/gcc/m68k-elf/4.2.1/../../../../m68k-elf/lib/m5206e\libc.a(lib_a-locale.o)
                0x0202a30e                _setlocale_r
                0x0202a2e0                __locale_charset
                0x0202a2ee                _localeconv_r
                0x0202a36e                setlocale
                0x0202a2fc                localeconv
 *fill*         0x0202a386        0x2 00
 .text          0x0202a388       0x3e c:/nburn/gcc-m68k/bin/../lib/gcc/m68k-elf/4.2.1/../../../../m68k-elf/lib/m5206e\libc.a(lib_a-lseekr.o)
                0x0202a388                _lseek_r
 *fill*         0x0202a3c6        0x2 00
 .text          0x0202a3c8      0x178 c:/nburn/gcc-m68k/bin/../lib/gcc/m68k-elf/4.2.1/../../../../m68k-elf/lib/m5206e\libc.a(lib_a-makebuf.o)
                0x0202a3c8                __smakebuf
 .text          0x0202a540       0xd2 c:/nburn/gcc-m68k/bin/../lib/gcc/m68k-elf/4.2.1/../../../../m68k-elf/lib/m5206e\libc.a(lib_a-memchr.o)
                0x0202a540                memchr
 *fill*         0x0202a612        0x2 00
 .text          0x0202a614       0xb6 c:/nburn/gcc-m68k/bin/../lib/gcc/m68k-elf/4.2.1/../../../../m68k-elf/lib/m5206e\libc.a(lib_a-memmove.o)
                0x0202a614                memmove
 *fill*         0x0202a6ca        0x2 00
 .text          0x0202a6cc      0xc78 c:/nburn/gcc-m68k/bin/../lib/gcc/m68k-elf/4.2.1/../../../../m68k-elf/lib/m5206e\libc.a(lib_a-mprec.o)
                0x0202aa20                _mprec_log10
                0x0202aad6                __any_on
                0x0202ab7c                _Balloc
                0x0202a98e                __ratio
                0x0202b0a4                __i2b
                0x0202a89e                __b2d
                0x0202b26c                __s2b
                0x0202a7bc                __mcmp
                0x0202a6cc                __hi0bits
                0x0202b18a                __pow5mult
                0x0202ae88                __lshift
                0x0202af36                __multiply
                0x0202ac32                __d2b
                0x0202aa92                __copybits
                0x0202a81c                __ulp
                0x0202ad48                __mdiff
                0x0202a730                __lo0bits
                0x0202b0c6                __multadd
                0x0202ab42                _Bfree
 .text          0x0202b344       0x3e c:/nburn/gcc-m68k/bin/../lib/gcc/m68k-elf/4.2.1/../../../../m68k-elf/lib/m5206e\libc.a(lib_a-readr.o)
                0x0202b344                _read_r
 *fill*         0x0202b382        0x2 00
 .text          0x0202b384      0x502 c:/nburn/gcc-m68k/bin/../lib/gcc/m68k-elf/4.2.1/../../../../m68k-elf/lib/m5206e\libc.a(lib_a-reallocr.o)
                0x0202b384                _realloc_r
 *fill*         0x0202b886        0x2 00
 .text          0x0202b888      0x21c c:/nburn/gcc-m68k/bin/../lib/gcc/m68k-elf/4.2.1/../../../../m68k-elf/lib/m5206e\libc.a(lib_a-refill.o)
                0x0202b8ac                __srefill_r
 .text          0x0202baa4       0x42 c:/nburn/gcc-m68k/bin/../lib/gcc/m68k-elf/4.2.1/../../../../m68k-elf/lib/m5206e\libc.a(lib_a-s_isinfd.o)
                0x0202baa4                __isinfd
 *fill*         0x0202bae6        0x2 00
 .text          0x0202bae8       0x34 c:/nburn/gcc-m68k/bin/../lib/gcc/m68k-elf/4.2.1/../../../../m68k-elf/lib/m5206e\libc.a(lib_a-s_isnand.o)
                0x0202bae8                __isnand
 .text          0x0202bb1c       0x92 c:/nburn/gcc-m68k/bin/../lib/gcc/m68k-elf/4.2.1/../../../../m68k-elf/lib/m5206e\libc.a(lib_a-callocr.o)
                0x0202bb1c                _calloc_r
 *fill*         0x0202bbae        0x2 00
 .text          0x0202bbb0       0x36 c:/nburn/gcc-m68k/bin/../lib/gcc/m68k-elf/4.2.1/../../../../m68k-elf/lib/m5206e\libc.a(lib_a-fstatr.o)
                0x0202bbb0                _fstat_r
 *fill*         0x0202bbe6        0x2 00
 .text          0x0202bbe8       0x22 c:/nburn/gcc-m68k/bin/../lib/gcc/m68k-elf/4.2.1/m5206e\libgcc.a(_eqdf2.o)
                0x0202bbe8                __eqdf2
 *fill*         0x0202bc0a        0x2 00
 .text          0x0202bc0c       0x22 c:/nburn/gcc-m68k/bin/../lib/gcc/m68k-elf/4.2.1/m5206e\libgcc.a(_nedf2.o)
                0x0202bc0c                __nedf2
 *fill*         0x0202bc2e        0x2 00
 .text          0x0202bc30       0x22 c:/nburn/gcc-m68k/bin/../lib/gcc/m68k-elf/4.2.1/m5206e\libgcc.a(_gtdf2.o)
                0x0202bc30                __gtdf2
 *fill*         0x0202bc52        0x2 00
 .text          0x0202bc54       0x72 c:/nburn/gcc-m68k/bin/../lib/gcc/m68k-elf/4.2.1/m5206e\libgcc.a(_muldi3.o)
                0x0202bc54                __muldi3
 *fill*         0x0202bcc6        0x2 00
 .text          0x0202bcc8      0x4f6 c:/nburn/gcc-m68k/bin/../lib/gcc/m68k-elf/4.2.1/m5206e\libgcc.a(_udivdi3.o)
                0x0202bcc8                __udivdi3
 *fill*         0x0202c1be        0x2 00
 .text          0x0202c1c0      0x4f8 c:/nburn/gcc-m68k/bin/../lib/gcc/m68k-elf/4.2.1/m5206e\libgcc.a(_umoddi3.o)
                0x0202c1c0                __umoddi3
 .text          0x0202c6b8        0x0 c:/nburn/gcc-m68k/bin/../lib/gcc/m68k-elf/4.2.1/m5206e\libgcc.a(_clz.o)
 .text          0x0202c6b8       0x32 c:/nburn/gcc-m68k/bin/../lib/gcc/m68k-elf/4.2.1/m5206e/crtend.o
                0x0202c6f0                . = ALIGN (0x10)
 *fill*         0x0202c6ea        0x6 00
 *(.text.*)
                0x0202c6f0                . = ALIGN (0x10)
 *(.eh_frame)
 .eh_frame      0x0202c6f0        0x0 c:/nburn/gcc-m68k/bin/../lib/gcc/m68k-elf/4.2.1/m5206e/crtbegin.o
 .eh_frame      0x0202c6f0       0x40 c:/nburn/gcc-m68k/bin/../lib/gcc/m68k-elf/4.2.1/m5206e\libgcc.a(_udivdi3.o)
 .eh_frame      0x0202c730       0x2c c:/nburn/gcc-m68k/bin/../lib/gcc/m68k-elf/4.2.1/m5206e\libgcc.a(_umoddi3.o)
                                 0x40 (size before relaxing)
 .eh_frame      0x0202c75c        0x4 c:/nburn/gcc-m68k/bin/../lib/gcc/m68k-elf/4.2.1/m5206e/crtend.o
                0x0202c760                . = ALIGN (0x10)
 *fill*         0x0202c760        0x0 00
 *(.gnu.linkonce.t.*)
                0x0202c760                . = ALIGN (0x4)
                0x0202c760                __CTOR_LIST__ = .
 *(.ctors)
 .ctors         0x0202c760        0x4 c:/nburn/gcc-m68k/bin/../lib/gcc/m68k-elf/4.2.1/m5206e/crtbegin.o
 .ctors         0x0202c764        0x4 C:\nburn/lib/SB70LC.a(serial.o)
 .ctors         0x0202c768        0x4 C:\nburn/lib/NetBurner.a(ip.o)
 .ctors         0x0202c76c        0x4 C:\nburn/lib/NetBurner.a(buffers.o)
 .ctors         0x0202c770        0x4 C:\nburn/lib/NetBurner.a(tcp.o)
 .ctors         0x0202c774        0x4 c:/nburn/gcc-m68k/bin/../lib/gcc/m68k-elf/4.2.1/m5206e/crtend.o
                0x0202c778                __CTOR_END__ = .
                0x0202c778        0x4 LONG 0x0
                0x0202c77c                __CTOR_END__ = .
                0x0202c77c                __DTOR_LIST__ = .
                0x0202c77c                ___DTOR_LIST__ = .
                0x0202c77c        0x4 LONG 0x2 (((__DTOR_END__ - __DTOR_LIST__) / 0x4) - 0x2)
 *(.dtors)
 .dtors         0x0202c780        0x4 c:/nburn/gcc-m68k/bin/../lib/gcc/m68k-elf/4.2.1/m5206e/crtbegin.o
 .dtors         0x0202c784        0x4 c:/nburn/gcc-m68k/bin/../lib/gcc/m68k-elf/4.2.1/m5206e/crtend.o
                0x0202c788        0x4 LONG 0x0
                0x0202c78c                __DTOR_END__ = .
 *(.rodata)
 .rodata        0x0202c78c       0x33 main.o
                0x0202c78c                FirmwareVersion
 .rodata        0x0202c7bf        0x2 configweb.o
 *fill*         0x0202c7c1        0x1 00
 .rodata        0x0202c7c2      0x400 ReceiverControl.o
 .rodata        0x0202cbc2    0x4ffe1 htmldata.o
                0x0202cbc2                n_file_record
                0x0202cbc6                file_record
 .rodata        0x0207cba3      0x108 C:\nburn/lib/NetBurner.a(ucos.o)
                0x0207cbab                FAKE_OSUnMapTbl
                0x0207cba3                FAKE_OSMapTbl
 *fill*         0x0207ccab        0x1 00
 .rodata        0x0207ccac       0xb8 C:\nburn/lib/NetBurner.a(utils.o)
 *fill*         0x0207cd64        0xc 00
 .rodata        0x0207cd70        0x4 C:\nburn/lib/NetBurner.a(buffers.o)
 .rodata        0x0207cd74        0x2 C:\nburn/lib/NetBurner.a(udp.o)
 .rodata        0x0207cd76        0xd C:\nburn/lib/NetBurner.a(tcp.o)
 *fill*         0x0207cd83        0x1 00
 .rodata        0x0207cd84      0x400 C:\nburn/lib/SB70LC.a(emulticast.o)
 .rodata        0x0207d184        0x4 c:/nburn/gcc-m68k/bin/../lib/gcc/m68k-elf/4.2.1/../../../../m68k-elf/lib/m5206e\libc.a(lib_a-impure.o)
                0x0207d184                _global_impure_ptr
 .rodata        0x0207d188       0x20 c:/nburn/gcc-m68k/bin/../lib/gcc/m68k-elf/4.2.1/../../../../m68k-elf/lib/m5206e\libc.a(lib_a-vfiprintf.o)
 .rodata        0x0207d1a8       0x20 c:/nburn/gcc-m68k/bin/../lib/gcc/m68k-elf/4.2.1/../../../../m68k-elf/lib/m5206e\libc.a(lib_a-vfprintf.o)
 .rodata        0x0207d1c8      0x101 c:/nburn/gcc-m68k/bin/../lib/gcc/m68k-elf/4.2.1/../../../../m68k-elf/lib/m5206e\libc.a(lib_a-ctype_.o)
                0x0207d1c8                _ctype_
 *fill*         0x0207d2c9        0x1 00
 .rodata        0x0207d2ca       0x34 c:/nburn/gcc-m68k/bin/../lib/gcc/m68k-elf/4.2.1/../../../../m68k-elf/lib/m5206e\libc.a(lib_a-locale.o)
 .rodata        0x0207d2fe      0x124 c:/nburn/gcc-m68k/bin/../lib/gcc/m68k-elf/4.2.1/../../../../m68k-elf/lib/m5206e\libc.a(lib_a-mprec.o)
                0x0207d3ee                __mprec_tinytens
                0x0207d2fe                __mprec_tens
                0x0207d3c6                __mprec_bigtens
 .rodata        0x0207d422      0x100 c:/nburn/gcc-m68k/bin/../lib/gcc/m68k-elf/4.2.1/m5206e\libgcc.a(_clz.o)
                0x0207d422                __clz_tab
 *(.rodata.*)
 .rodata.str1.1
                0x0207d522      0x664 webformcode.o
                                0x66b (size before relaxing)
 .rodata.str1.1
                0x0207db86      0x7cd main.o
                                0x7da (size before relaxing)
 .rodata.str1.1
                0x0207e353      0x100 fucosdmp.o
                                0x106 (size before relaxing)
 .rodata.str1.1
                0x0207e453       0xe9 formtools.o
                                0x120 (size before relaxing)
 .rodata.str1.1
                0x0207e53c      0xeb3 configweb.o
                                0xfeb (size before relaxing)
 .rodata.str1.1
                0x0207f3ef       0x4b ReceiverControl.o
 .rodata.str1.1
                0x0207f43a      0x3fa htmldata.o
                                0x466 (size before relaxing)
 .rodata.str1.1
                0x0207f834        0x7 C:\nburn/lib/SB70LC.a(bsp.o)
 .rodata.str1.1
                0x0207f83b      0x156 C:\nburn/lib/SB70LC.a(serial.o)
                                0x15a (size before relaxing)
 .rodata.str1.1
                0x00000000      0x156 C:\nburn/lib/NetBurner.a(ucos.o)
                                  0x5 (size before relaxing)
 .rodata.str1.1
                0x0207f991        0x3 C:\nburn/lib/NetBurner.a(fileio.o)
                                  0x6 (size before relaxing)
 .rodata.str1.1
                0x0207f994       0xbd C:\nburn/lib/NetBurner.a(system.o)
                                 0xcd (size before relaxing)
 .rodata.str1.1
                0x00000000       0xbd C:\nburn/lib/NetBurner.a(main.o)
                                  0x5 (size before relaxing)
 .rodata.str1.1
                0x0207fa51      0x169 C:\nburn/lib/NetBurner.a(utils.o)
                                0x17b (size before relaxing)
 .rodata.str1.1
                0x0207fbba      0x212 C:\nburn/lib/NetBurner.a(ip.o)
                                0x217 (size before relaxing)
 .rodata.str1.1
                0x0207fdcc       0x68 C:\nburn/lib/NetBurner.a(buffers.o)
                                 0x70 (size before relaxing)
 .rodata.str1.1
                0x0207fe34       0x50 C:\nburn/lib/NetBurner.a(arp.o)
 .rodata.str1.1
                0x0207fe84       0x18 C:\nburn/lib/NetBurner.a(udp.o)
 .rodata.str1.1
                0x0207fe9c      0x38f C:\nburn/lib/NetBurner.a(tcp.o)
                                0x392 (size before relaxing)
 .rodata.str1.1
                0x00000000      0x38f C:\nburn/lib/NetBurner.a(http.o)
                                  0x5 (size before relaxing)
 .rodata.str1.1
                0x0208022b      0x271 C:\nburn/lib/NetBurner.a(httpinternal.o)
                                0x2a8 (size before relaxing)
 .rodata.str1.1
                0x0208049c      0x108 C:\nburn/lib/NetBurner.a(htmldecomp.o)
 .rodata.str1.1
                0x020805a4       0x2c C:\nburn/lib/NetBurner.a(dhcpc.o)
                                 0x2f (size before relaxing)
 .rodata.str1.1
                0x020805d0       0xa2 C:\nburn/lib/NetBurner.a(taskmon.o)
                                 0xa7 (size before relaxing)
 .rodata.str1.1
                0x02080672        0xe C:\nburn/lib/SB70LC.a(ethernet.o)
 .rodata.str1.1
                0x02080680       0x1a C:\nburn/lib/SB70LC.a(etherprint.o)
                                 0x22 (size before relaxing)
 .rodata.str1.1
                0x00000000       0x1a c:/nburn/gcc-m68k/bin/../lib/gcc/m68k-elf/4.2.1/../../../../m68k-elf/lib/m5206e\libc.a(lib_a-impure.o)
                                  0x2 (size before relaxing)
 .rodata.str1.1
                0x00000000        0x2 c:/nburn/gcc-m68k/bin/../lib/gcc/m68k-elf/4.2.1/../../../../m68k-elf/lib/m5206e\libc.a(lib_a-puts.o)
 .rodata.str1.1
                0x0208069a       0x43 c:/nburn/gcc-m68k/bin/../lib/gcc/m68k-elf/4.2.1/../../../../m68k-elf/lib/m5206e\libc.a(lib_a-vfiprintf.o)
 .rodata.str1.1
                0x020806dd       0x10 c:/nburn/gcc-m68k/bin/../lib/gcc/m68k-elf/4.2.1/../../../../m68k-elf/lib/m5206e\libc.a(lib_a-vfprintf.o)
                                 0x57 (size before relaxing)
 .rodata.str1.1
                0x020806ed       0x1d c:/nburn/gcc-m68k/bin/../lib/gcc/m68k-elf/4.2.1/../../../../m68k-elf/lib/m5206e\libc.a(lib_a-wctomb_r.o)
 .rodata.str1.1
                0x0208070a        0xd c:/nburn/gcc-m68k/bin/../lib/gcc/m68k-elf/4.2.1/../../../../m68k-elf/lib/m5206e\libc.a(lib_a-dtoa.o)
                                  0xf (size before relaxing)
 .rodata.str1.1
                0x02080717        0xb c:/nburn/gcc-m68k/bin/../lib/gcc/m68k-elf/4.2.1/../../../../m68k-elf/lib/m5206e\libc.a(lib_a-locale.o)
                                 0x10 (size before relaxing)
 *(.gnu.linkonce.*)
 *(.gcc_except_table)
                0x02080724                . = ALIGN (0x4)
 *fill*         0x02080722        0x2 00
                0x02080724                __INIT_SECTION__ = .
                0x02080724        0x4 LONG 0x4e560000
 *(.init)